<!DOCTYPE html>
<html lang="ru">
<head>
	<meta charset="utf-8">
	<title>Golden</title>
	<link rel="stylesheet" href="css/main.css">
	<link rel="shortcut icon" href="img/favicon.png" type="image/png">
</head>
<body>
	<header>
		<div class="container">
			<div class="heading clearfix">
				<img class="logo" src="img/logo.png" alt="Golden">
				<nav>
					<ul class="menu">
						<li><a href="#">Home</a></li>
						<li><a href="#">Services</a></li>
						<li><a href="#">Portfolio</a></li>
						<li><a href="#">About</a></li>
						<li><a href="#">Contact</a></li>
					</ul>
				</nav>
			</div>
			<div class="titles">
				<div class="titles_first">Welcome To Our Studio!</div>
				<h1>It’s nice to Meet you</h1>
			</div>
			<a class="button" href="#">Tell Me More</a>
		</div>
	</header>
	<section id="services">
		<div class="container">
			<div class="title">
				<h2>Services</h2>
				<p>Proin iaculis purus consequat sem cure.</p>
			</div>
			<div class="services clearfix">
				<div class="services__item">
					<img src="img/icon1.png" alt="Услуга">
					<h3>E-Commerce</h3>
					<p>Proin iaculis purus consequat sem cure 
						digni ssim. Donec porttitora entum suscipit 
					aenean rhoncus posuere odio in tincidunt.</p>
				</div>
				<div class="services__item">
					<img src="img/icon2.png" alt="Услуга">
					<h3>Responsive Web</h3>
					<p>Proin iaculis purus consequat sem cure 
						digni ssim. Donec porttitora entum suscipit 
					aenean rhoncus posuere odio in tincidunt.</p>
				</div>
				<div class="services__item">
					<img src="img/icon3.png" alt="Услуга">
					<h3>Web Security</h3>
					<p>Proin iaculis purus consequat sem cure 
						digni ssim. Donec porttitora entum suscipit 
					aenean rhoncus posuere odio in tincidunt.</p>
				</div>
			</div>
		</div>
	</section>
	<section id="portfolio">
		<div class="container">
			<div class="title">
				<h2>Our portfolio</h2>
				<p>Proin iaculis purus consequat sem cure.</p>
			</div>
			<div class="works clearfix">
				<img src="img/img1.jpg" alt="Работа">
				<img src="img/img2.jpg" alt="Работа">
				<img src="img/img3.jpg" alt="Работа">
			</div>
		</div>
	</section>
	<section id="about">
		<div class="container">
			<div class="title">
				<h2>About Us</h2>
				<p>Proin iaculis purus consequat sem cure.</p>
			</div>
			<div class="month clearfix">
				<div class="month_left-blok">
					<div class="title_mouth">
						<span>July 2010</span><br>
						<b>Our Humble Beginnings</b>
					</div>
					<p>
						Proin iaculis purus consequat sem cure
						digni ssim. Donec porttitora entum suscipit
						aenean rhoncus posuere odio in tincidunt. Proin
						iaculis purus consequat sem cure digni
						ssim. Donec porttitora entum suscipit.
					</p>
				</div>
				<div class="month_left-blok">
					<img src="img/about1.jpg" alt="История">
				</div>
			</div>
			<div class="month clearfix">
				<div class="month_right-blok">
					<div class="title_mouth">
						<span>January 2011</span><br>
						<b>Facing Startup Battles</b>
					</div>
					<p>
						Proin iaculis purus consequat sem cure 
						digni ssim. Donec porttitora entum suscipit 
						aenean rhoncus posuere odio in tincidunt. Proin 
						iaculis purus consequat sem cure digni 
						ssim. Donec porttitora entum suscipit aenean 
						rhoncus posuere odio in tincidunt.
					</p>
				</div>
				<div class="month_right-blok">
					<img src="img/about2.jpg" alt="История">
				</div>
			</div>
			<div class="month clearfix">
				<div class="month_left-blok">
					<div class="title_mouth">
						<span>December 2012</span><br>
						<b>Enter The Dark Days</b>
					</div>
					<p>
						Proin iaculis purus consequat sem cure 
						digni ssim. Donec porttitora entum suscipit 
						aenean rhoncus posuere odio in tincidunt. Proin 
						iaculis purus consequat sem cure digni.
					</p>
				</div>
				<div class="month_left-blok">
					<img src="img/about3.jpg" alt="История">
				</div>
			</div>
			<div class="month clearfix">
				<div class="month_right-blok">
					<div class="title_mouth">
						<span>february 2014</span><br>
						<b>Our Triumph</b>
					</div>
					<p>
						Proin iaculis purus consequat sem cure 
						digni ssim. Donec porttitora entum suscipit 
						aenean rhoncus posuere odio in tincidunt. Proin 
						iaculis purus consequat sem cure digni 
						ssim. Donec porttitora entum suscipit aenean.
					</p>
				</div>
				<div class="month_right-blok">
					<img src="img/about4.jpg" alt="История">
				</div>
			</div>
		</div>
	</section>
	<footer>
		<div class="container">
			<div class="signature">
				<p><span>&copy</span> Copyright 2014 FreebiesXpress.com (layout Beatris)</p>
			</div>
		</div>
	</footer>
</body>
</html>